// Jest Snapshot v1, https://goo.gl/fbAQLP

exports[`Title should match with snapshot 1`] = `
<div
  data-jsx={3449686394}
>
  <nav
    className="menu"
    data-jsx={3449686394}
  >
    <h1
      className="menu__h1"
      data-jsx={3449686394}
    >
      Awale
    </h1>
    <ul
      className="menu__ul"
      data-jsx={3449686394}
    >
      <li
        className="menu__li"
        data-jsx={3449686394}
        onClick={[Function]}
      >
        <a
          className="menu__a"
          data-jsx={3449686394}
          href="/game"
          id="newGame"
          onClick={[Function]}
        >
          Solo
        </a>
      </li>
      <li
        className="menu__li"
        data-jsx={3449686394}
        onClick={[Function]}
      >
        <a
          className="menu__a"
          data-jsx={3449686394}
          href="/game"
          onClick={[Function]}
        >
          With a friend
        </a>
      </li>
    </ul>
  </nav>
</div>
`;
