// Jest Snapshot v1, https://goo.gl/fbAQLP

exports[`Title should match with snapshot 1`] = `
<div
  data-jsx={95817054}
>
  <nav
    data-jsx={95817054}
  >
    <h1
      data-jsx={95817054}
    >
      Awale
    </h1>
    <ul
      data-jsx={95817054}
    >
      <li
        data-jsx={95817054}
        onClick={[Function]}
      >
        <a
          data-jsx={95817054}
          href="/game"
          onClick={[Function]}
        >
          Solo
        </a>
      </li>
      <li
        data-jsx={95817054}
        onClick={[Function]}
      >
        <a
          data-jsx={95817054}
          href="/game"
          onClick={[Function]}
        >
          With a friend
        </a>
      </li>
    </ul>
  </nav>
</div>
`;
